Watching for file changes with StatReloader
✅ Student with roll no f20b8 created successfully.
Not Found: /student/8/
Not Found: /student/7/
Not Found: /student/1/
✏️ Student with roll no f20b8 updated successfully.
/Users/awais/Documents/Django/projects/student_management/student/views.py changed, reloading.
Watching for file changes with StatReloader
/Users/awais/Documents/Django/projects/student_management/student/views.py changed, reloading.
Watching for file changes with StatReloader
Internal Server Error: /student/
Traceback (most recent call last):
  File "/Users/awais/Documents/Django/django-env/lib/python3.12/site-packages/django/core/handlers/exception.py", line 55, in inner
    response = get_response(request)
               ^^^^^^^^^^^^^^^^^^^^^
  File "/Users/awais/Documents/Django/django-env/lib/python3.12/site-packages/django/core/handlers/base.py", line 197, in _get_response
    response = wrapped_callback(request, *callback_args, **callback_kwargs)
               ^^^^^^^^^^^^^^^^^^^^^^^^^^^^^^^^^^^^^^^^^^^^^^^^^^^^^^^^^^^^
  File "/Users/awais/Documents/Django/django-env/lib/python3.12/site-packages/django/views/decorators/csrf.py", line 65, in _view_wrapper
    return view_func(request, *args, **kwargs)
           ^^^^^^^^^^^^^^^^^^^^^^^^^^^^^^^^^^^
  File "/Users/awais/Documents/Django/django-env/lib/python3.12/site-packages/rest_framework/viewsets.py", line 125, in view
    return self.dispatch(request, *args, **kwargs)
           ^^^^^^^^^^^^^^^^^^^^^^^^^^^^^^^^^^^^^^^
  File "/Users/awais/Documents/Django/django-env/lib/python3.12/site-packages/rest_framework/views.py", line 515, in dispatch
    response = self.handle_exception(exc)
               ^^^^^^^^^^^^^^^^^^^^^^^^^^
  File "/Users/awais/Documents/Django/django-env/lib/python3.12/site-packages/rest_framework/views.py", line 475, in handle_exception
    self.raise_uncaught_exception(exc)
  File "/Users/awais/Documents/Django/django-env/lib/python3.12/site-packages/rest_framework/views.py", line 486, in raise_uncaught_exception
    raise exc
  File "/Users/awais/Documents/Django/django-env/lib/python3.12/site-packages/rest_framework/views.py", line 512, in dispatch
    response = handler(request, *args, **kwargs)
               ^^^^^^^^^^^^^^^^^^^^^^^^^^^^^^^^^
  File "/Users/awais/Documents/Django/django-env/lib/python3.12/site-packages/rest_framework/mixins.py", line 38, in list
    queryset = self.filter_queryset(self.get_queryset())
               ^^^^^^^^^^^^^^^^^^^^^^^^^^^^^^^^^^^^^^^^^
  File "/Users/awais/Documents/Django/django-env/lib/python3.12/site-packages/rest_framework/generics.py", line 154, in filter_queryset
    queryset = backend().filter_queryset(self.request, queryset, self)
               ^^^^^^^^^^^^^^^^^^^^^^^^^^^^^^^^^^^^^^^^^^^^^^^^^^^^^^^
  File "/Users/awais/Documents/Django/django-env/lib/python3.12/site-packages/django_filters/rest_framework/backends.py", line 66, in filter_queryset
    filterset = self.get_filterset(request, queryset, view)
                ^^^^^^^^^^^^^^^^^^^^^^^^^^^^^^^^^^^^^^^^^^^
  File "/Users/awais/Documents/Django/django-env/lib/python3.12/site-packages/django_filters/rest_framework/backends.py", line 18, in get_filterset
    filterset_class = self.get_filterset_class(view, queryset)
                      ^^^^^^^^^^^^^^^^^^^^^^^^^^^^^^^^^^^^^^^^
  File "/Users/awais/Documents/Django/django-env/lib/python3.12/site-packages/django_filters/rest_framework/backends.py", line 49, in get_filterset_class
    class AutoFilterSet(self.filterset_base):
  File "/Users/awais/Documents/Django/django-env/lib/python3.12/site-packages/django_filters/rest_framework/backends.py", line 50, in AutoFilterSet
    class Meta(MetaBase):
  File "/Users/awais/Documents/Django/django-env/lib/python3.12/site-packages/django_filters/rest_framework/backends.py", line 51, in Meta
    model = queryset.model
            ^^^^^^^^^^^^^^
AttributeError: 'dict' object has no attribute 'model'
/Users/awais/Documents/Django/projects/student_management/student/views.py changed, reloading.
Watching for file changes with StatReloader
/Users/awais/Documents/Django/projects/student_management/student/serializers.py changed, reloading.
Watching for file changes with StatReloader
Unauthorized: /student/
Unauthorized: /student/
Unauthorized: /student/
✅ Student with roll no f20b1 created successfully.
✅ Student with roll no f20b1 created successfully.
✅ Student with roll no f20b1 created successfully.
✅ Student with roll no f20b1 created successfully.
✅ Teacher Ali created successfully.
✅ Student with roll no 123 created successfully.
✅ Student with roll no f20b1 created successfully.
✅ Teacher Ali created successfully.
✅ Student with roll no 123 created successfully.
✅ Student with roll no f20b1 created successfully.
✅ Teacher Ali created successfully.
✅ Student with roll no 123 created successfully.
✅ Student with roll no f20b1 created successfully.
